Starting Scraper - Local time is 2026-10-10 23:11:27 CEST
Scraping Cine Yelmo...
  Fetching Yelmo malaga...
  Fetching Yelmo madrid...
  Fetching Yelmo barcelona...
Yelmo scraped: found 882 VOSE sessions.
Scraping Cine Albéniz...
Stopping Cine Albéniz scrape after 5 consecutive empty days.
Cine Albéniz scraped: found 41 VOSE sessions.
Scraping Kinépolis Granada & Nevada...
Kinépolis Granada & Nevada: Scraped 255 VOSE sessions.
Scraping Cines Renoir...
Cines Renoir: Scraped 309 VOSE sessions.
Scraping Cines Golem...
Cines Golem Madrid: Scraped 39 VOSE sessions.
Scraping Cinesa (Madrid & Barcelona)...
Cinesa: Found 45 business dates with showtimes: ['2026-10-10', '2026-10-11', '2026-10-12', '2026-10-13', '2026-10-14', '2026-10-15', '2026-10-16', '2026-10-17', '2026-10-18', '2026-10-23', '2026-10-24', '2026-10-25', '2026-10-26', '2026-10-27', '2026-10-28', '2026-10-29', '2026-10-30', '2026-10-31', '2026-11-02', '2026-11-03', '2026-11-06', '2026-11-07', '2026-11-08', '2026-11-10', '2026-11-14', '2026-11-15', '2026-11-19', '2026-11-21', '2026-11-22', '2026-12-01', '2026-12-15', '2026-12-17', '2026-12-18', '2026-12-19', '2026-12-20', '2026-12-21', '2026-12-22', '2026-12-23', '2027-01-21', '2027-02-23', '2027-03-18', '2027-04-22', '2027-05-05', '2027-05-25', '2027-06-17']
Cinesa (Madrid & Barcelona): Scraped 989 VOSE sessions.
Scraping Ocine Serrallo...
Ocine Serrallo: Scraped 1 sessions.
Scraping mk2 Cinesur...
  mk2 Cinesur Miramar: found 74 sessions.
  mk2 Cinesur El Ingenio: found 24 sessions.
  mk2 Cinesur Málaga Nostrum: found 48 sessions.
mk2 Cinesur scraped: found 146 VOSE sessions.
original language not found for 8 movies in Cinesa chain
original language not found for 18 movies in Cinesur chain
original language not found for 1 movies in Golem chain
original language not found for 2 movies in Kinépolis chain
Updated movie_title_translations.json
Successfully generated api/v1/showtimes.json with 2662 listings.
Appended 855 new showings to new_showtimes.json

Resolving missing movie title translations...
Found 43 movies without original names.
No TMDB_API_KEY detected. Using keyless TMDB scraper and Wikidata fallbacks.

Searching for: '20 Años del MET en cines - Grabado MET 26-27'
    (TMDB Scraper warning: 403 Client Error: Forbidden for url: https://www.themoviedb.org/search?query=20%20A%C3%B1os%20del%20MET%20en%20cines)
  -> Could not resolve original name for '20 Años del MET en cines - Grabado MET 26-27'

Searching for: 'AFTERSUN [WILDER CINEMA]'
    (TMDB Scraper warning: 403 Client Error: Forbidden for url: https://www.themoviedb.org/search?query=AFTERSUN%20%5BWILDER%20CINEMA%5D)
  -> Could not resolve original name for 'AFTERSUN [WILDER CINEMA]'

Searching for: 'AMERICAN PSYCHO [WILDER CINEMA]'
    (TMDB Scraper warning: 403 Client Error: Forbidden for url: https://www.themoviedb.org/search?query=AMERICAN%20PSYCHO%20%5BWILDER%20CINEMA%5D)
  -> Could not resolve original name for 'AMERICAN PSYCHO [WILDER CINEMA]'

Searching for: 'CALL ME BY YOUR NAME [WILDER CINEMA]'
    (TMDB Scraper warning: 403 Client Error: Forbidden for url: https://www.themoviedb.org/search?query=CALL%20ME%20BY%20YOUR%20NAME%20%5BWILDER%20CINEMA%5D)
  -> Could not resolve original name for 'CALL ME BY YOUR NAME [WILDER CINEMA]'

Searching for: 'CUENTA CONMIGO [WILDER CINEMA]'
    (TMDB Scraper warning: 403 Client Error: Forbidden for url: https://www.themoviedb.org/search?query=CUENTA%20CONMIGO%20%5BWILDER%20CINEMA%5D)
  -> Could not resolve original name for 'CUENTA CONMIGO [WILDER CINEMA]'

Searching for: 'CUENTOS DE TOKIO [WILDER CINEMA]'
    (TMDB Scraper warning: 403 Client Error: Forbidden for url: https://www.themoviedb.org/search?query=CUENTOS%20DE%20TOKIO%20%5BWILDER%20CINEMA%5D)
  -> Could not resolve original name for 'CUENTOS DE TOKIO [WILDER CINEMA]'

Searching for: 'Concert: Rammstein: Live in Mexico City'
    (TMDB Scraper warning: 403 Client Error: Forbidden for url: https://www.themoviedb.org/search?query=Concert%3A%20Rammstein%3A%20Live%20in%20Mexico%20City)
  -> Could not resolve original name for 'Concert: Rammstein: Live in Mexico City'

Searching for: 'DIRTY DANCING [WILDER CINEMA]'
    (TMDB Scraper warning: 403 Client Error: Forbidden for url: https://www.themoviedb.org/search?query=DIRTY%20DANCING%20%5BWILDER%20CINEMA%5D)
  -> Could not resolve original name for 'DIRTY DANCING [WILDER CINEMA]'

Searching for: 'Diversión Navideña con Peppa: La Experiencia'
    (TMDB Scraper warning: 403 Client Error: Forbidden for url: https://www.themoviedb.org/search?query=Diversi%C3%B3n%20Navide%C3%B1a%20con%20Peppa%3A%20La%20Experiencia)
  -> Could not resolve original name for 'Diversión Navideña con Peppa: La Experiencia'

Searching for: 'EL ACTIVISTA [CINE CON ORGULLO RENOIR]'
    (TMDB Scraper warning: 403 Client Error: Forbidden for url: https://www.themoviedb.org/search?query=EL%20ACTIVISTA%20%5BCINE%20CON%20ORGULLO%20RENOIR%5D)
  -> Could not resolve original name for 'EL ACTIVISTA [CINE CON ORGULLO RENOIR]'

Searching for: 'EL VIAJE DE CHIHIRO [WILDER CINEMA]'
    (TMDB Scraper warning: 403 Client Error: Forbidden for url: https://www.themoviedb.org/search?query=EL%20VIAJE%20DE%20CHIHIRO%20%5BWILDER%20CINEMA%5D)
  -> Could not resolve original name for 'EL VIAJE DE CHIHIRO [WILDER CINEMA]'

Searching for: 'ENCUENTROS EN LA TERCERA FASE [WILDER CINEMA]'
    (TMDB Scraper warning: 403 Client Error: Forbidden for url: https://www.themoviedb.org/search?query=ENCUENTROS%20EN%20LA%20TERCERA%20FASE%20%5BWILDER%20CINEMA%5D)
  -> Could not resolve original name for 'ENCUENTROS EN LA TERCERA FASE [WILDER CINEMA]'

Searching for: 'El precio de la red'
    (TMDB Scraper warning: 403 Client Error: Forbidden for url: https://www.themoviedb.org/search?query=El%20precio%20de%20la%20red)
  -> Could not resolve original name for 'El precio de la red'

Searching for: 'HYBE CHEERING PARTY'
    (TMDB Scraper warning: 403 Client Error: Forbidden for url: https://www.themoviedb.org/search?query=HYBE%20CHEERING%20PARTY)
  -> Could not resolve original name for 'HYBE CHEERING PARTY'

Searching for: 'Harry Potter y La Piedra Filosofal 25th Aniv)'
    (TMDB Scraper warning: 403 Client Error: Forbidden for url: https://www.themoviedb.org/search?query=Harry%20Potter%20y%20La%20Piedra%20Filosofal%2025th%20Aniv%29)
  -> Could not resolve original name for 'Harry Potter y La Piedra Filosofal 25th Aniv)'

Searching for: 'Harry Potter y la Piedra Filosofal 25 Aniversario'
    (TMDB Scraper warning: 403 Client Error: Forbidden for url: https://www.themoviedb.org/search?query=Harry%20Potter%20y%20la%20Piedra%20Filosofal%2025%20Aniversario)
  -> Could not resolve original name for 'Harry Potter y la Piedra Filosofal 25 Aniversario'

Searching for: 'LA GRAN BELLEZA [WILDER CINEMA]'
    (TMDB Scraper warning: 403 Client Error: Forbidden for url: https://www.themoviedb.org/search?query=LA%20GRAN%20BELLEZA%20%5BWILDER%20CINEMA%5D)
  -> Could not resolve original name for 'LA GRAN BELLEZA [WILDER CINEMA]'

Searching for: 'LA MUERTE DE ROBIN HOOD [WILDER CINEMA]'
    (TMDB Scraper warning: 403 Client Error: Forbidden for url: https://www.themoviedb.org/search?query=LA%20MUERTE%20DE%20ROBIN%20HOOD%20%5BWILDER%20CINEMA%5D)
  -> Could not resolve original name for 'LA MUERTE DE ROBIN HOOD [WILDER CINEMA]'

Searching for: 'LA PRINCESA PROMETIDA [WILDER CINEMA]'
    (TMDB Scraper warning: 403 Client Error: Forbidden for url: https://www.themoviedb.org/search?query=LA%20PRINCESA%20PROMETIDA%20%5BWILDER%20CINEMA%5D)
  -> Could not resolve original name for 'LA PRINCESA PROMETIDA [WILDER CINEMA]'

Searching for: 'LADRÓN DE BICICLETAS [WILDER CINEMA]'
    (TMDB Scraper warning: 403 Client Error: Forbidden for url: https://www.themoviedb.org/search?query=LADR%C3%93N%20DE%20BICICLETAS%20%5BWILDER%20CINEMA%5D)
  -> Could not resolve original name for 'LADRÓN DE BICICLETAS [WILDER CINEMA]'

Searching for: 'LAWRENCE DE ARABIA [WILDER CINEMA]'
    (TMDB Scraper warning: 403 Client Error: Forbidden for url: https://www.themoviedb.org/search?query=LAWRENCE%20DE%20ARABIA%20%5BWILDER%20CINEMA%5D)
  -> Could not resolve original name for 'LAWRENCE DE ARABIA [WILDER CINEMA]'

Searching for: 'LISA DE BLACKPINK'
    (TMDB Scraper warning: 403 Client Error: Forbidden for url: https://www.themoviedb.org/search?query=LISA%20DE%20BLACKPINK)
  -> Could not resolve original name for 'LISA DE BLACKPINK'

Searching for: 'La Nuit de la Glisse 2026: THE CALL'
    (TMDB Scraper warning: 403 Client Error: Forbidden for url: https://www.themoviedb.org/search?query=La%20Nuit%20de%20la%20Glisse%202026%3A%20THE%20CALL)
  -> Could not resolve original name for 'La Nuit de la Glisse 2026: THE CALL'

Searching for: 'La casa del bosque 1'
    (TMDB Scraper warning: 403 Client Error: Forbidden for url: https://www.themoviedb.org/search?query=La%20casa%20del%20bosque%201)
  -> Could not resolve original name for 'La casa del bosque 1'

Searching for: 'La casa del bosque 2'
    (TMDB Scraper warning: 403 Client Error: Forbidden for url: https://www.themoviedb.org/search?query=La%20casa%20del%20bosque%202)
  -> Could not resolve original name for 'La casa del bosque 2'

Searching for: 'MALAS CALLES [WILDER CINEMA]'
    (TMDB Scraper warning: 403 Client Error: Forbidden for url: https://www.themoviedb.org/search?query=MALAS%20CALLES%20%5BWILDER%20CINEMA%5D)
  -> Could not resolve original name for 'MALAS CALLES [WILDER CINEMA]'

Searching for: 'PARIS, TEXAS [WILDER CINEMA]'
    (TMDB Scraper warning: 403 Client Error: Forbidden for url: https://www.themoviedb.org/search?query=PARIS%2C%20TEXAS%20%5BWILDER%20CINEMA%5D)
  -> Could not resolve original name for 'PARIS, TEXAS [WILDER CINEMA]'

Searching for: 'Pavarotti, live in Central Park'
    (TMDB Scraper warning: 403 Client Error: Forbidden for url: https://www.themoviedb.org/search?query=Pavarotti%2C%20live%20in%20Central%20Park)
  -> Could not resolve original name for 'Pavarotti, live in Central Park'

Searching for: 'Preestreno a ciegas 13 agosto 2026'
    (TMDB Scraper warning: 403 Client Error: Forbidden for url: https://www.themoviedb.org/search?query=Preestreno%20a%20ciegas%2013%20agosto%202026)
  -> Could not resolve original name for 'Preestreno a ciegas 13 agosto 2026'

Searching for: 'Preestreno a ciegas 17 septiembre 2026'
    (TMDB Scraper warning: 403 Client Error: Forbidden for url: https://www.themoviedb.org/search?query=Preestreno%20a%20ciegas%2017%20septiembre%202026)
  -> Could not resolve original name for 'Preestreno a ciegas 17 septiembre 2026'

Searching for: 'RASHOMON [WILDER CINEMA]'
    (TMDB Scraper warning: 403 Client Error: Forbidden for url: https://www.themoviedb.org/search?query=RASHOMON%20%5BWILDER%20CINEMA%5D)
  -> Could not resolve original name for 'RASHOMON [WILDER CINEMA]'

Searching for: 'SECRET FLASHBACK (19 Octubre)'
    (TMDB Scraper warning: 403 Client Error: Forbidden for url: https://www.themoviedb.org/search?query=SECRET%20FLASHBACK)
  -> Could not resolve original name for 'SECRET FLASHBACK (19 Octubre)'

Searching for: 'SECRET FLASHBACK (2 Noviembre 2026)'
    (TMDB Scraper warning: 403 Client Error: Forbidden for url: https://www.themoviedb.org/search?query=SECRET%20FLASHBACK)
  -> Could not resolve original name for 'SECRET FLASHBACK (2 Noviembre 2026)'

Searching for: 'Sia 2016 Coachella'
    (TMDB Scraper warning: 403 Client Error: Forbidden for url: https://www.themoviedb.org/search?query=Sia%202016%20Coachella)
  -> Could not resolve original name for 'Sia 2016 Coachella'

Searching for: 'Svadba'
    (TMDB Scraper warning: 403 Client Error: Forbidden for url: https://www.themoviedb.org/search?query=Svadba)
  -> Found via Wikidata: 'Svadba'

Searching for: 'TIEMPO DE VICTORIA [PROYECTO VIRIDIANA]'
    (TMDB Scraper warning: 403 Client Error: Forbidden for url: https://www.themoviedb.org/search?query=TIEMPO%20DE%20VICTORIA%20%5BPROYECTO%20VIRIDIANA%5D)
  -> Could not resolve original name for 'TIEMPO DE VICTORIA [PROYECTO VIRIDIANA]'

Searching for: 'The Fast & The Furious 25 aniversario'
    (TMDB Scraper warning: 403 Client Error: Forbidden for url: https://www.themoviedb.org/search?query=The%20Fast%20%26%20The%20Furious%2025%20aniversario)
  -> Could not resolve original name for 'The Fast & The Furious 25 aniversario'

Searching for: 'The Fast & The Furious 25 niversario'
    (TMDB Scraper warning: 403 Client Error: Forbidden for url: https://www.themoviedb.org/search?query=The%20Fast%20%26%20The%20Furious%2025%20niversario)
  -> Could not resolve original name for 'The Fast & The Furious 25 niversario'

Searching for: 'VIAJE AL PAÍS DE LOS BLANCOS [PROYECTO VIRIDIANA]'
    (TMDB Scraper warning: 403 Client Error: Forbidden for url: https://www.themoviedb.org/search?query=VIAJE%20AL%20PA%C3%8DS%20DE%20LOS%20BLANCOS%20%5BPROYECTO%20VIRIDIANA%5D)
  -> Could not resolve original name for 'VIAJE AL PAÍS DE LOS BLANCOS [PROYECTO VIRIDIANA]'

Searching for: 'Vengadores: Doomsday'
    (TMDB Scraper warning: 403 Client Error: Forbidden for url: https://www.themoviedb.org/search?query=Vengadores%3A%20Doomsday)
  -> Could not resolve original name for 'Vengadores: Doomsday'

Searching for: 'Vengadores: Doomsday (Infinity Vision)'
    (TMDB Scraper warning: 403 Client Error: Forbidden for url: https://www.themoviedb.org/search?query=Vengadores%3A%20Doomsday)
  -> Could not resolve original name for 'Vengadores: Doomsday (Infinity Vision)'

Searching for: 'WHAT A FEELING [CINE CON ORGULLO RENOIR]'
    (TMDB Scraper warning: 403 Client Error: Forbidden for url: https://www.themoviedb.org/search?query=WHAT%20A%20FEELING%20%5BCINE%20CON%20ORGULLO%20RENOIR%5D)
  -> Could not resolve original name for 'WHAT A FEELING [CINE CON ORGULLO RENOIR]'

Searching for: 'es GHOST: 2 Big To Rig'
    (TMDB Scraper warning: 403 Client Error: Forbidden for url: https://www.themoviedb.org/search?query=es%20GHOST%3A%202%20Big%20To%20Rig)
  -> Could not resolve original name for 'es GHOST: 2 Big To Rig'

Successfully updated 1 translation(s) in movie_title_translations.json.
